---
source: crates/mdbook-rustdoc-links/src/tests.rs
assertion_line: 61
expression: output
---
# primitive types resolved to nightly

- [u8](https://doc.rust-lang.org/nightly/core/primitive.u8.html "u8")
- [u32](https://doc.rust-lang.org/nightly/core/primitive.u32.html "u32")
- [f64](https://doc.rust-lang.org/nightly/core/primitive.f64.html "f64")
- [char](https://doc.rust-lang.org/nightly/core/primitive.char.html "char")
- [str](https://doc.rust-lang.org/nightly/core/primitive.str.html "str")

# associated items on primitive types

- [str::parse]
- [f64::MIN_POSITIVE]

# macro_export

- [tokio::main!](https://docs.rs/tokio-macros/2.5.0/tokio_macros/macro.main.html "tokio::main!")
