---
source: crates/mdbook-rustdoc-links/src/tests.rs
expression: report
---
  info: link resolved
   ╭─[ra-known-quirks.md:3:3]
   │ 
   │ - [u8]
   ·   ──┬─
   ·     ╰── https://doc.rust-lang.org/nightly/core/primitive.u8.html
   │ - [u32]
   ·   ──┬──
   ·     ╰── https://doc.rust-lang.org/nightly/core/primitive.u32.html
   │ - [f64]
   ·   ──┬──
   ·     ╰── https://doc.rust-lang.org/nightly/core/primitive.f64.html
   │ - [char]
   ·   ───┬──
   ·      ╰── https://doc.rust-lang.org/nightly/core/primitive.char.html
   │ - [str]
   ·   ──┬──
   ·     ╰── https://doc.rust-lang.org/nightly/core/primitive.str.html
   │ 
   ╰────
    ╭─[ra-known-quirks.md:16:3]
    │ 
    │ - [tokio::main!]
    ·   ───────┬──────
    ·          ╰── https://docs.rs/tokio-macros/2.5.0/tokio_macros/macro.main.html
    ╰────

  warning: item could not be resolved
    ╭─[ra-known-quirks.md:11:3]
    │ 
    │ - [str::parse]
    ·   ──────┬─────
    ·         ╰── could not obtain a link to "str::parse"
    │ - [f64::MIN_POSITIVE]
    ·   ─────────┬─────────
    ·            ╰── could not obtain a link to "f64::MIN_POSITIVE"
    │ 
    ╰────
