---
source: crates/rustdoc-link/tests/lib.rs
expression: report
---
  info: successfully resolved all links
   ╭─[rustdoc-link:3:3]
 2 │ 
 3 │ **[rustdoc-style linking][rustdoc] for [mdBook]** (with the help of [rust-analyzer]).
   ·   ────────────────┬───────────────     ────┬───                     ───────┬───────
   ·                   │                        │                               ╰── https://rust-analyzer.github.io/
   ·                   │                        ╰── https://rust-lang.github.io/mdBook/
   ·                   ╰── https://doc.rust-lang.org/rustdoc/write-documentation/linking-to-items-by-name.html
 4 │ 
   ╰────
    ╭─[rustdoc-link:12:7]
 11 │ >
 12 │ > The [`option`][std::option] and [`result`][std::result] modules define optional and
    ·       ───────────┬───────────     ───────────┬───────────
    ·                  │                           ╰── https://doc.rust-lang.org/stable/core/result/index.html
    ·                  ╰── https://doc.rust-lang.org/stable/core/option/index.html
 13 │ > error-handling types, [`Option<T>`] and [`Result<T, E>`]. The [`iter`][std::iter]
    ·                         ──────┬──────     ────────┬───────      ─────────┬─────────
    ·                               │                   │                      ╰── https://doc.rust-lang.org/stable/core/iter/index.html
    ·                               │                   ╰── https://doc.rust-lang.org/stable/core/result/enum.Result.html
    ·                               ╰── https://doc.rust-lang.org/stable/core/option/enum.Option.html
 14 │ > module defines Rust's iterator trait, [`Iterator`], which works with the `for` loop to
    ·                                         ──────┬─────
    ·                                               ╰── https://doc.rust-lang.org/stable/core/iter/traits/iterator/trait.Iterator.html
 15 │ > access collections.
 16 │ >
 17 │ > — adapted from [<cite>A Tour of The Rust Standard Library</cite>][tour]
    ·                  ────────────────────────────┬───────────────────────────
    ·                                              ╰── https://doc.rust-lang.org/stable/std/#a-tour-of-the-rust-standard-library
 18 │ 
    ╰────
