---
source: crates/mdbook-rustdoc-links/src/tests.rs
expression: output
---
# Supported syntax

<div class="hidden">

**For best results, view this page at
<https://tonywu6.github.io/mdbookkit/rustdoc-links/supported-syntax>.**

</div>

Most of the syntax [supported by rustdoc][rustdoc-linking] are supported. Unsupported
syntax and differences in behavior are emphasized below.

In general, specifying items as you would when writing Rust code should "just work".

> [!TIP]
>
> This page is also used for snapshot testing! To see how all the links would look like
> in Markdown after they have been processed, see [supported-syntax.snap] and
> [supported-syntax.stderr.snap].
>
> [supported-syntax.snap]:
>   /crates/mdbook-rustdoc-links/src/tests/snaps/docs/src/rustdoc-links/supported-syntax.md.snap
> [supported-syntax.stderr.snap]:
>   /crates/mdbook-rustdoc-links/src/tests/snaps/docs/src/rustdoc-links/supported-syntax.md.stderr.snap

## Types, modules, associated items

> ```md
> Module [`alloc`][std::alloc] — Memory allocation APIs.
> ```
>
> Module [`alloc`](https://doc.rust-lang.org/stable/std/alloc/index.html "std::alloc") — Memory allocation APIs.
>
> ```md
> Every [`Option`] is either [`Some`][Option::Some][^1] and contains a value, or
> [`None`][Option::None][^1], and does not.
> ```
>
> Every [`Option`](https://doc.rust-lang.org/stable/core/option/enum.Option.html "Option") is either [`Some`](https://doc.rust-lang.org/stable/core/option/enum.Option.html#variant.Some "Option::Some")[^1] and contains a value, or
> [`None`](https://doc.rust-lang.org/stable/core/option/enum.Option.html#variant.None "Option::None")[^1], and does not.
>
> ```md
> [`Ipv4Addr::LOCALHOST`][core::net::Ipv4Addr::LOCALHOST] — An IPv4 address with the
> address pointing to localhost: `127.0.0.1`.
> ```
>
> [`Ipv4Addr::LOCALHOST`](https://doc.rust-lang.org/stable/core/net/ip_addr/struct.Ipv4Addr.html#associatedconstant.LOCALHOST "core::net::Ipv4Addr::LOCALHOST") — An IPv4 address with the
> address pointing to localhost: `127.0.0.1`.

## Generic parameters

Types may contain generic parameters. This is _compatible_ with rustdoc.

> ```md
> [`Vec<T>`] — A heap-allocated _vector_ that is resizable at runtime.
> ```
>
> [`Vec<T>`](https://doc.rust-lang.org/stable/alloc/vec/struct.Vec.html "Vec<T>") — A heap-allocated _vector_ that is resizable at runtime.
>
> ```md
> | Phantom type                                       | variance of `T`   |
> | :------------------------------------------------- | :---------------- |
> | [`&'a mut T`][std::marker::PhantomData<&'a mut T>] | **in**variant     |
> | [`fn(T)`][std::marker::PhantomData<fn(T)>]         | **contra**variant |
> ```
>
> | Phantom type                                       | variance of `T`   |
> | :------------------------------------------------- | :---------------- |
> | [`&'a mut T`](https://doc.rust-lang.org/stable/core/marker/struct.PhantomData.html "std::marker::PhantomData<&'a mut T>") | **in**variant     |
> | [`fn(T)`](https://doc.rust-lang.org/stable/core/marker/struct.PhantomData.html "std::marker::PhantomData<fn(T)>")         | **contra**variant |

Turbofish are also supported:

> ```md
> `collect()` is one of the few times you’ll see the syntax affectionately known as the
> "turbofish", for example: [`Iterator::collect::<Vec<i32>>()`].
> ```
>
> `collect()` is one of the few times you’ll see the syntax affectionately known as the
> "turbofish", for example: [`Iterator::collect::<Vec<i32>>()`](https://doc.rust-lang.org/stable/core/iter/traits/iterator/trait.Iterator.html#method.collect "Iterator::collect::<Vec<i32>>()").

## Functions and macros

Functions and macros can be linked to just like other named items. To distinguish a
function from other items of the same name, add `()` after the function name. To
distinguish a macro from other items of the same name, add `!` after the macro name.
This is _compatible_ with rustdoc.

> ```md
> [`vec!`][std::vec!] is different from [`vec`][std::vec], and don't accidentally use
> [`format`][std::fmt::format()] in place of [`format!`][std::format!]!
> ```
>
> [`vec!`](https://doc.rust-lang.org/stable/alloc/macro.vec.html "std::vec!") is different from [`vec`](https://doc.rust-lang.org/stable/alloc/vec/index.html "std::vec"), and don't accidentally use
> [`format`](https://doc.rust-lang.org/stable/alloc/fmt/fn.format.html "std::fmt::format()") in place of [`format!`](https://doc.rust-lang.org/stable/alloc/macro.format.html "std::format!")!

Note that there cannot be arguments within `()`, `[]`, or `{}`. The `macro!` syntax
works for attribute and derive macros as well (even though this is not how they are
invoked).

> [!NOTE]
>
> As of rust-analyzer <ra-version>(version)</ra-version>, the `macro!` syntax can no
> longer disambiguate between a derive macro and its corresponding trait. For example,
>
> > ```
> > Both [`serde::Serialize`] and [`serde::Serialize!`] link to the `Serialize` trait.
> > ```
> >
> > Both [`serde::Serialize`](https://docs.rs/serde_core/1.0.228/serde_core/ser/trait.Serialize.html "serde::Serialize") and [`serde::Serialize!`](https://docs.rs/serde_core/1.0.228/serde_core/ser/trait.Serialize.html "serde::Serialize!") link to the `Serialize` trait.
>
> To link to such derive macros, you must use paths that directly point to them, such as
> `serde_derive::Serialize`.

## Fully qualified paths

Trait implementors may supply additional documentation about the implementation. To link
to such documentation instead of the traits themselves, use fully qualified paths,
including `<... as Trait>` if necessary. This is an _additional syntax_ that rustdoc
does not currently support.

> ```md
> [`Result<T, E>`] implements [`IntoIterator`]; its
> [**`into_iter()`**][Result::<(), ()>::into_iter] returns an iterator that yields one
> value if the result is [`Result::Ok`], otherwise none.
>
> [`Vec<T>`] also implements [`IntoIterator`]; a vector cannot be used after you call
> [**`into_iter()`**][<Vec<()> as IntoIterator>::into_iter].
> ```
>
> [`Result<T, E>`](https://doc.rust-lang.org/stable/core/result/enum.Result.html "Result<T, E>") implements [`IntoIterator`](https://doc.rust-lang.org/stable/core/iter/traits/collect/trait.IntoIterator.html "IntoIterator"); its
> [**`into_iter()`**](https://doc.rust-lang.org/stable/core/result/enum.Result.html#method.into_iter "Result::<(), ()>::into_iter") returns an iterator that yields one
> value if the result is [`Result::Ok`](https://doc.rust-lang.org/stable/core/result/enum.Result.html#variant.Ok "Result::Ok"), otherwise none.
>
> [`Vec<T>`](https://doc.rust-lang.org/stable/alloc/vec/struct.Vec.html "Vec<T>") also implements [`IntoIterator`](https://doc.rust-lang.org/stable/core/iter/traits/collect/trait.IntoIterator.html "IntoIterator"); a vector cannot be used after you call
> [**`into_iter()`**](https://doc.rust-lang.org/stable/alloc/vec/struct.Vec.html#method.into_iter "<Vec<()> as IntoIterator>::into_iter").

> [!NOTE]
>
> If your type has generic parameters, you must supply concrete types for them for
> rust-analyzer to be able to locate an implementation. That is, `Result<T, E>` will not
> work, but `Result<(), ()>` will (unless there happen to be types `T` and `E` literally
> in scope).

## Link format

All Markdown link formats supported by rustdoc are supported:

Linking with URL inlined:

> ```md
> [The Option type](std::option::Option)
> ```
>
> [The Option type](https://doc.rust-lang.org/stable/core/option/enum.Option.html)

Linking with reusable references:

> ```md
> [The Option type][option-type]
>
> [option-type]: std::option::Option
> ```
>
> [The Option type](https://doc.rust-lang.org/stable/core/option/enum.Option.html)
>
> [option-type]: std::option::Option

Reference-style links `[text][id]` without a corresponding `[id]: name` part will be
treated the same as inline-style links `[text](id)`:

> ```md
> [The Option type][std::option::Option]
> ```
>
> [The Option type](https://doc.rust-lang.org/stable/core/option/enum.Option.html "std::option::Option")

Shortcuts are supported, and can contain inline markups:

> ```md
> You can create a [`Vec`] with [**`Vec::new`**], or by using the [_`vec!`_] macro.
> ```
>
> You can create a [`Vec`](https://doc.rust-lang.org/stable/alloc/vec/struct.Vec.html "Vec") with [**`Vec::new`**](https://doc.rust-lang.org/stable/alloc/vec/struct.Vec.html#method.new "Vec::new"), or by using the [*`vec!`*](https://doc.rust-lang.org/stable/alloc/macro.vec.html "vec!") macro.

## Linking to page sections

To link to a known section on a page, use a URL fragment, as you would otherwise specify
for an HTTP URL. This is _compatible_ with rustdoc.

<!-- prettier-ignore-start -->

> ```md
> [When Should You Use Which Collection?][std::collections#when-should-you-use-which-collection]
> ```
>
> [When Should You Use Which Collection?](https://doc.rust-lang.org/stable/std/collections/index.html#when-should-you-use-which-collection "std::collections#when-should-you-use-which-collection")

<!-- prettier-ignore-end -->

## Unsupported syntax

### Disambiguators

rustdoc's [disambiguator syntax][disambiguator] `prefix@name` is **accepted but
ignored.** To disambiguate functions and macros, use the
[functions and macros](#functions-and-macros) syntax.

> ```md
> [`std::vec`], [`mod@std::vec`], and [`macro@std::vec`] all link to the `vec` _module_.
> ```
>
> [`std::vec`](https://doc.rust-lang.org/stable/alloc/vec/index.html "std::vec"), [`mod@std::vec`](https://doc.rust-lang.org/stable/alloc/vec/index.html "mod@std::vec"), and [`macro@std::vec`](https://doc.rust-lang.org/stable/alloc/vec/index.html "macro@std::vec") all link to the `vec` _module_.

### Special types

There is **no support** on types whose syntax is not a path; they are currently not
parsed at all:

> references `&T`, slices `[T]`, arrays `[T; N]`, tuples `(T1, T2)`, pointers like
> `*const T`, trait objects like `dyn Any`, and the never type `!`

Note that such types can still be used as generic params, just not as standalone types.

### Struct fields

Linking to struct fields is **not supported** yet. This is **incompatible** with
rustdoc.

[^1]:
    rust-analyzer's ability to generate links for enum variants like `Option::Some` was
    improved only somewhat recently: before
    [#19246](https://github.com/rust-lang/rust-analyzer/pull/19246), links for variants
    and associated items may only point to the types themselves. If linking to such
    items doesn't seem to work for you, be sure to upgrade to a newer rust-analyzer
    first.

<!-- prettier-ignore-start -->
[disambiguator]: https://doc.rust-lang.org/rustdoc/write-documentation/linking-to-items-by-name.html#namespaces-and-disambiguators
[gh-issues]: https://github.com/tonywu6/mdbookkit/issues
[namespaces]: https://doc.rust-lang.org/reference/names/namespaces.html
[rust-types]: https://doc.rust-lang.org/reference/types.html#r-type.kinds
[rustdoc-linking]: https://doc.rust-lang.org/rustdoc/write-documentation/linking-to-items-by-name.html
<!-- prettier-ignore-end -->
