---
source: crates/mdbookkit/tests/rustdoc_link.rs
expression: report
---
  info: successfully resolved all links
    ╭─[getting-started:52:6]
    │ 
    │ Like [`std::thread::spawn`], [`tokio::task::spawn`] returns a
    ·      ───────────┬──────────  ───────────┬──────────
    ·                 │                       ╰── https://docs.rs/tokio/1.44.2/tokio/task/spawn/fn.spawn.html
    ·                 ╰── https://doc.rust-lang.org/stable/std/thread/fn.spawn.html
    │ [`JoinHandle`][tokio::task::JoinHandle] struct.
    · ───────────────────┬───────────────────
    ·                    ╰── https://docs.rs/tokio/1.44.2/tokio/runtime/task/join/struct.JoinHandle.html
    │ 
    ╰────
