---
source: crates/mdbookkit/tests/rustdoc_link.rs
expression: report
---
  info: successfully resolved all links
    ╭─[index:25:5]
    │ 
    │ The [`option`][std::option] and [`result`][std::result] modules define optional and
    ·     ───────────┬───────────     ───────────┬───────────
    ·                │                           ╰── https://doc.rust-lang.org/stable/core/result/index.html
    ·                ╰── https://doc.rust-lang.org/stable/core/option/index.html
    │ error-handling types, [`Option<T>`] and [`Result<T, E>`]. The [`iter`][std::iter] module
    ·                       ──────┬──────     ────────┬───────      ─────────┬─────────
    ·                             │                   │                      ╰── https://doc.rust-lang.org/stable/core/iter/index.html
    ·                             │                   ╰── https://doc.rust-lang.org/stable/core/result/enum.Result.html
    ·                             ╰── https://doc.rust-lang.org/stable/core/option/enum.Option.html
    │ defines Rust's iterator trait, [`Iterator`], which works with the `for` loop to access
    ·                                ──────┬─────
    ·                                      ╰── https://doc.rust-lang.org/stable/core/iter/traits/iterator/trait.Iterator.html
    │ collections. [^1]
    ╰────
