---
source: crates/mdbookkit/tests/link_forever.rs
expression: report
---
  warning: file does not exist at path
    ╭─[crates/mdbookkit/tests/tests/link-forever.md:33:1]
    │ 
    │ [Cargo.lock](../../Cargo.lock)
    · ───────────────┬──────────────
    ·                ╰── file does not exist at path: crates/mdbookkit/Cargo.lock
    │ 
    │ [`//LICENSE-MIT.md`](//LICENSE-MIT.md)
    │ 
    │ ![shinjuku.jpg](shinjuku.jpg)
    · ──────────────┬──────────────
    ·               ╰── file does not exist at path: crates/mdbookkit/tests/tests/shinjuku.jpg
    │ 
    │ # fragment not found
    │ 
    │ [associated items](../tests/ra-known-quirks.md#associated_items_on_primitive_types)
    │ 
    │ ## heading: $\sqrt{3x-1}+(1+x)^2$
    │ 
    │ ## heading: <https://räksmörgås.josefsson.org/>
    │ 
    │ # canonical urls to book
    │ 
    │ found: <https://example.org/book/tests/tests/ra-known-quirks>
    │ 
    │ found: <https://example.org/book/tests/tests/ra-known-quirks.html>
    │ 
    │ not found: <https://example.org/book/404>
    ·            ───────────────┬──────────────
    ·                           ╰── file does not exist at path: crates/mdbookkit/404.md
    │ 
    │ ignored: <https://example.com/book/ra-known-quirks>
    │ 
    │ trailing slash, found: <https://example.org/book/tests/tests/trailing-slash/>
    │ 
    │ trailing slash, found: <https://example.org/book/tests/tests/trailing-slash>
    │ 
    │ trailing slash, not found: <https://example.org/book/tests/tests/ra-known-quirks/>
    ·                            ───────────────────────────┬───────────────────────────
    ·                                                       ╰── file does not exist at path: crates/mdbookkit/tests/tests/ra-known-quirks/index.md
    │ 
    │ # canonical urls to HEAD
    │ 
    │ [permalink](https://github.com/lorem/ipsum/tree/HEAD/LICENSE-APACHE.md)
    │ 
    │ [published](https://github.com/lorem/ipsum/tree/HEAD/crates/mdbookkit/tests/tests/ra-known-quirks.md)
    │ 
    │ [file not found](https://github.com/lorem/ipsum/raw/HEAD/crates/mdbookkit/tests/tests/shinjuku.jpg)
    · ─────────────────────────────────────────────────┬─────────────────────────────────────────────────
    ·                                                  ╰── file does not exist at path: crates/mdbookkit/tests/tests/shinjuku.jpg
    │ 
    ╰────
