---
source: crates/mdbookkit/tests/link_forever.rs
expression: report
---
  warning: fragment does not exist in page
    ╭─[crates/mdbookkit/tests/tests/link-forever.md:41:1]
    │ 
    │ [associated items](../tests/ra-known-quirks.md#associated_items_on_primitive_types)
    · ─────────────────────────────────────────┬─────────────────────────────────────────
    ·                                          ╰── #associated_items_on_primitive_types not found in crates/mdbookkit/tests/tests/ra-known-quirks.md
    │ 
    │ ## heading: $\sqrt{3x-1}+(1+x)^2$
    │ 
    │ ## heading: <https://räksmörgås.josefsson.org/>
    │ 
    │ # canonical urls to book
    │ 
    │ found: <https://example.org/book/tests/tests/ra-known-quirks>
    │ 
    │ found: <https://example.org/book/tests/tests/ra-known-quirks.html>
    │ 
    │ not found: <https://example.org/book/404>
    │ 
    │ ignored: <https://example.com/book/ra-known-quirks>
    │ 
    │ trailing slash, found: <https://example.org/book/tests/tests/trailing-slash/>
    │ 
    │ trailing slash, found: <https://example.org/book/tests/tests/trailing-slash>
    │ 
    │ trailing slash, not found: <https://example.org/book/tests/tests/ra-known-quirks/>
    │ 
    │ # canonical urls to HEAD
    │ 
    │ [permalink](https://github.com/lorem/ipsum/tree/HEAD/LICENSE-APACHE.md)
    │ 
    │ [published](https://github.com/lorem/ipsum/tree/HEAD/crates/mdbookkit/tests/tests/ra-known-quirks.md)
    │ 
    │ [file not found](https://github.com/lorem/ipsum/raw/HEAD/crates/mdbookkit/tests/tests/shinjuku.jpg)
    │ 
    │ [fragment not found](https://github.com/lorem/ipsum/tree/HEAD/crates/mdbookkit/tests/tests/ra-known-quirks.md#associated_items_on_primitive_types)
    · ─────────────────────────────────────────────────────────────────────────┬────────────────────────────────────────────────────────────────────────
    ·                                                                          ╰── #associated_items_on_primitive_types not found in crates/mdbookkit/tests/tests/ra-known-quirks.md
    │ 
    ╰────
