---
source: crates/mdbookkit/tests/link_forever.rs
expression: report
---
  info: file under src/
    ╭─[crates/mdbookkit/tests/tests/link-forever.md:15:1]
 14 │ 
 15 │ [Known quirks](./ra-known-quirks.md)
    · ────────────────────────────────────
 16 │ 
 17 │ [link_forever.rs](../link_forever.rs)
    · ─────────────────────────────────────
 18 │ 
 19 │ ![selfie](Macaca_nigra_self-portrait_large.jpg)
    · ───────────────────────────────────────────────
 20 │ 
 21 │ # fragments
 22 │ 
 23 │ [Fragments](./link-forever.md#fragments)
    · ────────────────────────────────────────
 24 │ 
 25 │ [Heading 1](./link-forever.md#heading-sqrt3x-11x2)
    · ──────────────────────────────────────────────────
 26 │ 
 27 │ [Heading 2](./link-forever.md#heading-httpsräksmörgåsjosefssonorg)
    · ──────────────────────────────────────────────────────────────────
 28 │ 
 29 │ [macro_export](./ra-known-quirks.md#macro_export)
    · ─────────────────────────────────────────────────
 30 │ 
    ╰────
    ╭─[crates/mdbookkit/tests/tests/link-forever.md:49:8]
 48 │ 
 49 │ found: <https://example.org/book/tests/tests/ra-known-quirks>
    ·        ──────────────────────────────────────────────────────
 50 │ 
 51 │ found: <https://example.org/book/tests/tests/ra-known-quirks.html>
    ·        ───────────────────────────────────────────────────────────
 52 │ 
 53 │ not found: <https://example.org/book/404>
 54 │ 
 55 │ ignored: <https://example.com/book/ra-known-quirks>
 56 │ 
 57 │ trailing slash, found: <https://example.org/book/tests/tests/trailing-slash/>
    ·                        ──────────────────────────────────────────────────────
 58 │ 
 59 │ trailing slash, found: <https://example.org/book/tests/tests/trailing-slash>
    ·                        ─────────────────────────────────────────────────────
 60 │ 
    ╰────
