---
source: crates/mdbookkit/tests/link_forever.rs
expression: report
---
  info: url ignored
    ╭─[crates/mdbookkit/README.md:3:1]
  2 │
  3 │ ![mdbookkit hero image](https://github.com/tonywu6/mdbookkit/raw/main/docs/src/media/banner.webp)
    · ─────────────────────────────────────────────────────────────────────────────────────────────────
  4 │
  5 │ [![crates.io](https://img.shields.io/crates/v/mdbookkit?style=flat-square)](https://crates.io/crates/mdbookkit)
    · ────────────────────────────────────────────────────────────────────────────────────────────────────────────────
  6 │ [![documentation](https://img.shields.io/github/actions/workflow/status/tonywu6/mdbookkit/docs.yml?event=release&style=flat-square&label=docs)](https://docs.rs/mdbookkit)
    · ───────────────────────────────────────────────────────────────────────────────────────────────────────────────────────────────────────────────────────────────────────────────────────
  7 │ [![MIT/Apache-2.0 licensed](https://img.shields.io/crates/l/mdbookkit?style=flat-square)](https://github.com/tonywu6/mdbookkit/tree/main/LICENSE-APACHE.md)
    · ────────────────────────────────────────────────────────────────────────────────────────────────────────────────────────────────────────────────────────────
  8 │
  9 │ Quality-of-life plugins for your [mdBook] project.
    ·                                  ────────
 10 │
 11 │ - [**`mdbook-rustdoc-link`**](https://tonywu6.github.io/mdbookkit/rustdoc-link)
    ·   ─────────────────────────────────────────────────────────────────────────────
 12 │
    ╰────
    ╭─[crates/mdbookkit/README.md:16:3]
 15 │
 16 │ - [**`mdbook-link-forever`**](https://tonywu6.github.io/mdbookkit/link-forever)
    ·   ─────────────────────────────────────────────────────────────────────────────
 17 │
 18 │   _Permalinks_ for your source tree: write relative paths, get links to GitHub.
 19 │
 20 │ ## Installation
 21 │
 22 │ If you are interested in any of these plugins, visit their respective pages for usage
 23 │ instructions, linked above.
 24 │
 25 │ If you want to install all of them:
 26 │
 27 │ ```bash
 28 │ cargo install mdbookkit --all-features
 29 │ ```
 30 │
 31 │ Precompiled binaries are also available from [GitHub releases][gh-releases].
    ·                                              ──────────────────────────────
 32 │
 33 │ ## License
 34 │
 35 │ This project is released under the
 36 │ [Apache 2.0 License](https://github.com/tonywu6/mdbookkit/tree/main/LICENSE-APACHE.md)
    · ──────────────────────────────────────────────────────────────────────────────────────
 37 │ and the [MIT License](https://github.com/tonywu6/mdbookkit/tree/main/LICENSE-MIT.md).
    ·         ────────────────────────────────────────────────────────────────────────────
 38 │
    ╰────

  info: url ignored
    ╭─[crates/mdbookkit/tests/tests/link-forever.md:45:13]
 44 │
 45 │ ## heading: <https://räksmörgås.josefsson.org/>
    ·             ───────────────────────────────────
 46 │
 47 │ # canonical urls
 48 │
 49 │ found: <https://example.org/book/tests/tests/ra-known-quirks>
 50 │
 51 │ found: <https://example.org/book/tests/tests/ra-known-quirks.html>
 52 │
 53 │ not found: <https://example.org/book/404>
 54 │
 55 │ ignored: <https://example.com/book/ra-known-quirks>
    ·          ──────────────────────────────────────────
 56 │
 57 │ trailing slash, found: <https://example.org/book/tests/tests/trailing-slash/>
 58 │
 59 │ trailing slash, found: <https://example.org/book/tests/tests/trailing-slash>
 60 │
 61 │ trailing slash, not found: <https://example.org/book/tests/tests/ra-known-quirks/>
 62 │
 63 │ # image-in-link
 64 │
 65 │ [![crates.io](https://img.shields.io/crates/v/mdbookkit?style=flat-square)](https://crates.io/crates/mdbookkit)
    · ────────────────────────────────────────────────────────────────────────────────────────────────────────────────
 66 │
 67 │ [![selfie](/crates/mdbookkit/tests/tests/Macaca_nigra_self-portrait_large.jpg)](https://commons.wikimedia.org/wiki/File:Macaca_nigra_self-portrait_large.jpg)
    · ─────────────────────────────────────────────────────────────────────────────────────────────────────────────────────────────────────────────────────────────
 68 │
    ╰────

  info: file under src/
    ╭─[crates/mdbookkit/tests/tests/link-forever.md:15:1]
 14 │
 15 │ [Known quirks](./ra-known-quirks.md)
    · ────────────────────────────────────
 16 │
 17 │ [link_forever.rs](../link_forever.rs)
    · ─────────────────────────────────────
 18 │
 19 │ ![selfie](Macaca_nigra_self-portrait_large.jpg)
    · ───────────────────────────────────────────────
 20 │
 21 │ # fragments
 22 │
 23 │ [Fragments](./link-forever.md#fragments)
    · ────────────────────────────────────────
 24 │
 25 │ [Heading 1](./link-forever.md#heading-sqrt3x-11x2)
    · ──────────────────────────────────────────────────
 26 │
 27 │ [Heading 2](./link-forever.md#heading-httpsräksmörgåsjosefssonorg)
    · ──────────────────────────────────────────────────────────────────
 28 │
 29 │ [macro_export](./ra-known-quirks.md#macro_export)
    · ─────────────────────────────────────────────────
 30 │
    ╰────
    ╭─[crates/mdbookkit/tests/tests/link-forever.md:49:8]
 48 │
 49 │ found: <https://example.org/book/tests/tests/ra-known-quirks>
    ·        ──────────────────────────────────────────────────────
 50 │
 51 │ found: <https://example.org/book/tests/tests/ra-known-quirks.html>
    ·        ───────────────────────────────────────────────────────────
 52 │
 53 │ not found: <https://example.org/book/404>
 54 │
 55 │ ignored: <https://example.com/book/ra-known-quirks>
 56 │
 57 │ trailing slash, found: <https://example.org/book/tests/tests/trailing-slash/>
    ·                        ──────────────────────────────────────────────────────
 58 │
 59 │ trailing slash, found: <https://example.org/book/tests/tests/trailing-slash>
    ·                        ─────────────────────────────────────────────────────
 60 │
    ╰────

  info: path converted to relative path
    ╭─[crates/mdbookkit/tests/tests/link-forever.md:11:1]
 10 │
 11 │ [link-forever.md](/crates/mdbookkit/tests/tests/link-forever.md#absolute-paths)
    · ───────────────────────────────────────┬───────────────────────────────────────
    ·                                        ╰── crates/mdbookkit/tests/tests/link-forever.md
 12 │
    ╰────
    ╭─[crates/mdbookkit/tests/tests/link-forever.md:67:2]
 66 │
 67 │ [![selfie](/crates/mdbookkit/tests/tests/Macaca_nigra_self-portrait_large.jpg)](https://commons.wikimedia.org/wiki/File:Macaca_nigra_self-portrait_large.jpg)
    ·  ──────────────────────────────────────┬──────────────────────────────────────
    ·                                        ╰── crates/mdbookkit/tests/tests/Macaca_nigra_self-portrait_large.jpg
 68 │
 69 │ [![selfie](/crates/mdbookkit/tests/tests/Macaca_nigra_self-portrait_large.jpg) <br> Self-portrait of a female Macaca nigra in North Sulawesi (2011)](/crates/mdbookkit/tests/tests/Macaca_nigra_self-portrait_large.jpg)
    · ────────────────────────────────────────────────────────────────────────────────────────────────────────────┬───────────────────────────────────────────────────────────────────────────────────────────────────────────┬
    ·                                                                                                             │                                                                                                           ╰── crates/mdbookkit/tests/tests/Macaca_nigra_self-portrait_large.jpg
    ·                                                                                                             ╰── crates/mdbookkit/tests/tests/Macaca_nigra_self-portrait_large.jpg
    ╰────

  info: path converted to permalink
    ╭─[crates/mdbookkit/tests/tests/link-forever.md:3:1]
  2 │
  3 │ [Cargo.toml](../../../../Cargo.toml)
    · ──────────────────┬─────────────────
    ·                   ╰── https://github.com/lorem/ipsum/tree/dolor/Cargo.toml
  4 │
  5 │ ![error reporting](../../../../docs/src/rustdoc-link/media/error-reporting.png)
    · ───────────────────────────────────────┬───────────────────────────────────────
    ·                                        ╰── https://github.com/lorem/ipsum/tree/dolor/docs/src/rustdoc-link/media/error-reporting.png
  6 │
  7 │ # absolute paths
  8 │
  9 │ [LICENSE-APACHE.md](/LICENSE-APACHE.md)
    · ───────────────────┬───────────────────
    ·                    ╰── https://github.com/lorem/ipsum/tree/dolor/LICENSE-APACHE.md
 10 │
    ╰────

  warning: file not found
    ╭─[crates/mdbookkit/tests/tests/link-forever.md:33:1]
 32 │
 33 │ [Cargo.lock](../../Cargo.lock)
    · ───────────────┬──────────────
    ·                ╰── file does not exist at path: crates/mdbookkit/Cargo.lock
 34 │
 35 │ [`//LICENSE-MIT.md`](//LICENSE-MIT.md)
    · ───────────────────┬──────────────────
    ·                    ╰── file does not exist at path: //LICENSE-MIT.md
 36 │
 37 │ ![shinjuku.jpg](shinjuku.jpg)
    · ──────────────┬──────────────
    ·               ╰── file does not exist at path: crates/mdbookkit/tests/tests/shinjuku.jpg
 38 │
 39 │ # fragment not found
 40 │
 41 │ [associated items](../tests/ra-known-quirks.md#associated_items_on_primitive_types)
 42 │
 43 │ ## heading: $\sqrt{3x-1}+(1+x)^2$
 44 │
 45 │ ## heading: <https://räksmörgås.josefsson.org/>
 46 │
 47 │ # canonical urls
 48 │
 49 │ found: <https://example.org/book/tests/tests/ra-known-quirks>
 50 │
 51 │ found: <https://example.org/book/tests/tests/ra-known-quirks.html>
 52 │
 53 │ not found: <https://example.org/book/404>
    ·            ───────────────┬──────────────
    ·                           ╰── file does not exist at path: crates/mdbookkit/404.md
 54 │
 55 │ ignored: <https://example.com/book/ra-known-quirks>
 56 │
 57 │ trailing slash, found: <https://example.org/book/tests/tests/trailing-slash/>
 58 │
 59 │ trailing slash, found: <https://example.org/book/tests/tests/trailing-slash>
 60 │
 61 │ trailing slash, not found: <https://example.org/book/tests/tests/ra-known-quirks/>
    ·                            ───────────────────────────┬───────────────────────────
    ·                                                       ╰── file does not exist at path: crates/mdbookkit/tests/tests/ra-known-quirks/index.md
 62 │
    ╰────

  warning: no such fragment
    ╭─[crates/mdbookkit/tests/tests/link-forever.md:41:1]
 40 │
 41 │ [associated items](../tests/ra-known-quirks.md#associated_items_on_primitive_types)
    · ─────────────────────────────────────────┬─────────────────────────────────────────
    ·                                          ╰── #associated_items_on_primitive_types not found in crates/mdbookkit/tests/tests/ra-known-quirks.md
 42 │
    ╰────
