---
source: crates/mdbookkit/tests/link_forever.rs
expression: output
---
# relative paths

[Cargo.toml](https://github.com/lorem/ipsum/tree/dolor/Cargo.toml)

![error reporting](https://github.com/lorem/ipsum/tree/dolor/docs/src/rustdoc-link/media/error-reporting.png)

# absolute paths

[LICENSE-APACHE.md](https://github.com/lorem/ipsum/tree/dolor/LICENSE-APACHE.md)

[link-forever.md](#absolute-paths)

# book files

[Known quirks](./ra-known-quirks.md)

[link_forever.rs](../link_forever.rs)

![selfie](Macaca_nigra_self-portrait_large.jpg)

# fragments

[Fragments](./link-forever.md#fragments)

[Heading 1](./link-forever.md#heading-sqrt3x-11x2)

[Heading 2](./link-forever.md#heading-httpsräksmörgåsjosefssonorg)

[macro_export](./ra-known-quirks.md#macro_export)

# file not found

[Cargo.lock](../../Cargo.lock)

[`//LICENSE-MIT.md`](//LICENSE-MIT.md)

![shinjuku.jpg](shinjuku.jpg)

# fragment not found

[associated items](../tests/ra-known-quirks.md#associated_items_on_primitive_types)

## heading: $\sqrt{3x-1}+(1+x)^2$

## heading: <https://räksmörgås.josefsson.org/>

# canonical urls to book

found: [https://example.org/book/tests/tests/ra-known-quirks](ra-known-quirks.md)

found: [https://example.org/book/tests/tests/ra-known-quirks.html](ra-known-quirks.md)

not found: <https://example.org/book/404>

ignored: <https://example.com/book/ra-known-quirks>

trailing slash, found: [https://example.org/book/tests/tests/trailing-slash/](trailing-slash/index.md)

trailing slash, found: [https://example.org/book/tests/tests/trailing-slash](trailing-slash/index.md)

trailing slash, not found: <https://example.org/book/tests/tests/ra-known-quirks/>

# canonical urls to HEAD

[permalink](https://github.com/lorem/ipsum/tree/dolor/LICENSE-APACHE.md)

[published](ra-known-quirks.md)

[file not found](https://github.com/lorem/ipsum/raw/HEAD/crates/mdbookkit/tests/tests/shinjuku.jpg)

[fragment not found](https://github.com/lorem/ipsum/tree/HEAD/crates/mdbookkit/tests/tests/ra-known-quirks.md#associated_items_on_primitive_types)

# image-in-link

[![crates.io](https://img.shields.io/crates/v/mdbookkit?style=flat-square)](https://crates.io/crates/mdbookkit)

[![selfie](Macaca_nigra_self-portrait_large.jpg)](https://commons.wikimedia.org/wiki/File:Macaca_nigra_self-portrait_large.jpg)

[![selfie](Macaca_nigra_self-portrait_large.jpg) <br> Self-portrait of a female Macaca nigra in North Sulawesi (2011)](Macaca_nigra_self-portrait_large.jpg)
