---
source: crates/mdbook-permalinks/src/tests.rs
assertion_line: 105
expression: report
---
  info: linking to book page or file, rewritten as paths
    ╭─[crates/mdbook-permalinks/src/tests/urls.md:3:1]
    │ 
    │ [](https://example.org/book/tests/urls)
    · ───────────────────┬───────────────────
    ·                    ╰─┤ path: crates/mdbook-permalinks/src/tests/urls.md
    ·                      │ link: ""
    │ 
    │ [](https://example.org/book/tests/urls.html)
    · ──────────────────────┬─────────────────────
    ·                       ╰─┤ path: crates/mdbook-permalinks/src/tests/urls.md
    ·                         │ link: ""
    │ 
    │ [](https://example.org/book/tests/trailing-slash)
    · ────────────────────────┬────────────────────────
    ·                         ╰─┤ path: crates/mdbook-permalinks/src/tests/trailing-slash/index.md
    ·                           │ link: "trailing-slash/index.md"
    │ 
    │ [](https://example.org/book/tests/trailing-slash/)
    · ─────────────────────────┬────────────────────────
    ·                          ╰─┤ path: crates/mdbook-permalinks/src/tests/trailing-slash/index.md
    ·                            │ link: "trailing-slash/index.md"
    │ 
    │ ![](https://example.org/book/tests/Minato_City,_Tokyo,_Japan.jpg)
    · ────────────────────────────────┬────────────────────────────────
    ·                                 ╰─┤ path: crates/mdbook-permalinks/src/tests/Minato_City,_Tokyo,_Japan.jpg
    ·                                   │ link: "Minato_City,_Tokyo,_Japan.jpg"
    │ 
    ╰────
