---
source: crates/mdbook-permalinks/src/tests.rs
assertion_line: 105
expression: report
---
  info: links ignored
    ╭─[crates/mdbook-permalinks/src/tests/urls.md:31:1]
    │ 
    │ [](https://example.org/boo)
    · ───────────────────────────
    │ 
    │ [](https://example.org/git)
    · ───────────────────────────
    ╰────
