---
source: crates/mdbook-permalinks/src/tests.rs
assertion_line: 106
expression: report
---
  warning: file does not exist at path
    ╭─[crates/mdbook-permalinks/src/tests/links.md:23:1]
    │ 
    │ [Cargo.lock](../../Cargo.lock)
    · ───────────────┬──────────────
    ·                ╰── file does not exist at path: crates/mdbook-permalinks/Cargo.lock
    │ 
    │ [`//LICENSE-MIT.md`](//LICENSE-MIT.md)
    │ 
    │ ![shinjuku.jpg](shinjuku.jpg)
    · ──────────────┬──────────────
    ·               ╰── file does not exist at path: crates/mdbook-permalinks/src/tests/shinjuku.jpg
    │ 
    │ # canonical urls to book
    │ 
    │ found: <https://example.org/book/tests/links>
    │ 
    │ found: <https://example.org/book/tests/links.html>
    │ 
    │ not found: <https://example.org/book/404>
    ·            ───────────────┬──────────────
    ·                           ╰── file does not exist at path: crates/mdbook-permalinks/src/404.md
    │ 
    │ ignored: <https://example.com/book/links>
    │ 
    │ trailing slash, found: <https://example.org/book/tests/trailing-slash/>
    │ 
    │ trailing slash, found: <https://example.org/book/tests/trailing-slash>
    │ 
    │ trailing slash, not found: <https://example.org/book/tests/links/>
    ·                            ───────────────────┬───────────────────
    ·                                               ╰── file does not exist at path: crates/mdbook-permalinks/src/tests/links/index.md
    │ 
    │ # canonical urls to HEAD
    │ 
    │ [permalink](https://github.com/lorem/ipsum/tree/HEAD/LICENSE-APACHE.md)
    │ 
    │ [published](https://github.com/lorem/ipsum/tree/HEAD/crates/mdbook-permalinks/src/tests/links.md)
    │ 
    │ [file not found](https://github.com/lorem/ipsum/raw/HEAD/crates/mdbook-permalinks/src/tests/shinjuku.jpg)
    · ────────────────────────────────────────────────────┬────────────────────────────────────────────────────
    ·                                                     ╰── file does not exist at path: crates/mdbook-permalinks/src/tests/shinjuku.jpg
    │ 
    ╰────
