---
source: crates/mdbook-permalinks/src/tests.rs
assertion_line: 105
expression: report
---
  warning: paths inaccessible
    ╭─[crates/mdbook-permalinks/src/tests/paths.md:31:1]
    │ 
    │ [](../../Cargo.lock)
    · ──────────┬─────────
    ·           ╰── crates/mdbook-permalinks/Cargo.lock
    │ 
    │ [](//LICENSE-MIT.md)
    │ 
    │ ![](shinjuku.jpg)
    · ────────┬────────
    ·         ╰── crates/mdbook-permalinks/src/tests/shinjuku.jpg
    ╰────

  warning: paths inaccessible
    ╭─[crates/mdbook-permalinks/src/tests/urls.md:23:1]
    │ 
    │ [](https://example.org/book/tests/urls/)
    · ────────────────────┬───────────────────
    ·                     ╰─┤ crates/mdbook-permalinks/src/tests/urls/index.md
    ·                       │ crates/mdbook-permalinks/src/tests/urls/README.md
    │ 
    │ [](https://example.org/book/tests/url)
    · ───────────────────┬──────────────────
    ·                    ╰─┤ crates/mdbook-permalinks/src/tests/url.md
    ·                      │ crates/mdbook-permalinks/src/tests/url/index.md
    ·                      │ crates/mdbook-permalinks/src/tests/url/README.md
    ·                      │ crates/mdbook-permalinks/src/tests/url
    │ 
    │ [](https://example.org/git/tree/HEAD/LICENSE-GPL.md)
    · ──────────────────────────┬─────────────────────────
    ·                           ╰── LICENSE-GPL.md
    │ 
    ╰────
