---
source: crates/mdbook-permalinks/src/tests.rs
assertion_line: 105
expression: report
---
  warning: paths outside of repository
    ╭─[crates/mdbook-permalinks/src/tests/paths.md:33:1]
    │ 
    │ [](//LICENSE-MIT.md)
    · ──────────┬─────────
    ·           ╰── resolves to /LICENSE-MIT.md
    │ 
    ╰────
