---
source: crates/mdbook-permalinks/src/tests.rs
assertion_line: 106
expression: report
---
  info: link to book page or file
    ╭─[crates/mdbook-permalinks/src/tests/links.md:19:1]
    │ 
    │ [Links](./links.md)
    · ─────────┬─────────
    ·          ╰── file: crates/mdbook-permalinks/src/tests/links.md
    │ 
    │ [main.rs](../main.rs)
    · ──────────┬──────────
    ·           ╰── file: crates/mdbook-permalinks/src/main.rs
    │ 
    │ ![selfie](Macaca_nigra_self-portrait_large.jpg)
    · ───────────────────────┬───────────────────────
    ·                        ╰── file: crates/mdbook-permalinks/src/tests/Macaca_nigra_self-portrait_large.jpg
    │ 
    ╰────
