---
source: crates/mdbook-permalinks/src/tests.rs
assertion_line: 106
expression: report
---
  info: link is ignored as it is not supported
    ╭─[crates/mdbook-permalinks/src/tests/links.md:37:10]
    │ 
    │ ignored: <https://example.com/book/links>
    ·          ────────────────────────────────
    │ 
    │ trailing slash, found: <https://example.org/book/tests/trailing-slash/>
    │ 
    │ trailing slash, found: <https://example.org/book/tests/trailing-slash>
    │ 
    │ trailing slash, not found: <https://example.org/book/tests/links/>
    │ 
    │ # canonical urls to HEAD
    │ 
    │ [permalink](https://github.com/lorem/ipsum/tree/HEAD/LICENSE-APACHE.md)
    │ 
    │ [published](https://github.com/lorem/ipsum/tree/HEAD/crates/mdbook-permalinks/src/tests/links.md)
    │ 
    │ [file not found](https://github.com/lorem/ipsum/raw/HEAD/crates/mdbook-permalinks/src/tests/shinjuku.jpg)
    │ 
    │ # image-in-link
    │ 
    │ [![crates.io](https://img.shields.io/crates/v/mdbookkit?style=flat-square)](https://crates.io/crates/mdbookkit)
    · ────────────────────────────────────────────────────────────────────────────────────────────────────────────────
    │ 
    │ [![selfie](/crates/mdbook-permalinks/src/tests/Macaca_nigra_self-portrait_large.jpg)](https://commons.wikimedia.org/wiki/File:Macaca_nigra_self-portrait_large.jpg)
    · ───────────────────────────────────────────────────────────────────────────────────────────────────────────────────────────────────────────────────────────────────
    │ 
    ╰────
