---
source: crates/mdbook-permalinks/src/tests.rs
expression: report
---
  warning: path to a file outside source control
    ╭─[crates/mdbook-permalinks/src/tests/links.md:37:1]
    │ 
    │ [`//LICENSE-MIT.md`](//LICENSE-MIT.md)
    · ───────────────────┬──────────────────
    ·                    ╰── path to a file outside source control: file:///LICENSE-MIT.md
    │ 
    ╰────
