---
source: crates/mdbook-permalinks/src/tests.rs
assertion_line: 127
expression: report
---
  info: link ignored
   ╭─[crates/mdbook-permalinks/src/tests/trailing-slash/index.md:1:1]
   │ <https://github.com/slorber/trailing-slash-guide>
   · ─────────────────────────────────────────────────
   ╰────

  info: link ignored
    ╭─[crates/mdbook-permalinks/src/tests/urls.md:33:1]
    │ 
    │ [](https://example.org/boo)
    · ───────────────────────────
    │ 
    │ [](https://example.org/git)
    · ───────────────────────────
    ╰────
