---
source: crates/mdbook-permalinks/src/tests.rs
assertion_line: 105
expression: report
---
  info: linking to book page or file
    ╭─[crates/mdbook-permalinks/src/tests/paths.md:15:1]
    │ 
    │ [](paths.md)
    · ──────┬─────
    ·       ╰── crates/mdbook-permalinks/src/tests/paths.md
    │ 
    │ [](../main.rs)
    · ───────┬──────
    ·        ╰── crates/mdbook-permalinks/src/main.rs
    │ 
    │ # images
    │ 
    │ ![](Minato_City,_Tokyo,_Japan.jpg)
    · ─────────────────┬────────────────
    ·                  ╰── crates/mdbook-permalinks/src/tests/Minato_City,_Tokyo,_Japan.jpg
    │ 
    ╰────
