---
source: crates/mdbook-permalinks/src/tests.rs
expression: report
---
  warning: fragment does not exist in page
    ╭─[crates/mdbook-permalinks/src/tests/links.md:43:1]
    │ 
    │ [associated items](../tests/headings.md#associated_items_on_primitive_types)
    · ──────────────────────────────────────┬─────────────────────────────────────
    ·                                       ╰── #associated_items_on_primitive_types not found in crates/mdbook-permalinks/src/tests/headings.md
    │ 
    │ ## heading: $\sqrt{3x-1}+(1+x)^2$
    │ 
    │ ## heading: <https://räksmörgås.josefsson.org/>
    │ 
    │ ## heading: pub async fn foobar(rt: &mut [Foo]) -> [Bar]\<Self> <!-- omit from toc -->
    │ 
    │ # canonical urls to book
    │ 
    │ found: <https://example.org/book/tests/headings>
    │ 
    │ found: <https://example.org/book/tests/headings.html>
    │ 
    │ not found: <https://example.org/book/404>
    │ 
    │ ignored: <https://example.com/book/headings>
    │ 
    │ trailing slash, found: <https://example.org/book/tests/trailing-slash/>
    │ 
    │ trailing slash, found: <https://example.org/book/tests/trailing-slash>
    │ 
    │ trailing slash, not found: <https://example.org/book/tests/headings/>
    │ 
    │ # canonical urls to HEAD
    │ 
    │ [permalink](https://github.com/lorem/ipsum/tree/HEAD/LICENSE-APACHE.md)
    │ 
    │ [published](https://github.com/lorem/ipsum/tree/HEAD/crates/mdbook-permalinks/src/tests/headings.md)
    │ 
    │ [file not found](https://github.com/lorem/ipsum/raw/HEAD/crates/mdbook-permalinks/src/tests/shinjuku.jpg)
    │ 
    │ [fragment not found](https://github.com/lorem/ipsum/tree/HEAD/crates/mdbook-permalinks/src/tests/headings.md#associated_items_on_primitive_types)
    · ────────────────────────────────────────────────────────────────────────┬────────────────────────────────────────────────────────────────────────
    ·                                                                         ╰── #associated_items_on_primitive_types not found in crates/mdbook-permalinks/src/tests/headings.md
    │ 
    ╰────
