---
source: crates/mdbook-permalinks/src/tests.rs
assertion_line: 106
expression: report
---
  warning: path to a file outside source control
    ╭─[crates/mdbook-permalinks/src/tests/links.md:29:1]
    │ 
    │ [`//LICENSE-MIT.md`](//LICENSE-MIT.md)
    · ───────────────────┬──────────────────
    ·                    ╰── path to a file outside source control: file:///LICENSE-MIT.md
    │ 
    ╰────
